// Jest Snapshot v1, https://goo.gl/fbAQLP

exports[`Remote Triage workflow renders correctly 1`] = `
"<Wizard dataLayout={{...}} heading={[undefined]}>
  <TriageIdentifier name=\\"Lookup\\" options={[undefined]} />
  <TriageDetails name=\\"Details\\" heading=\\"Details\\" />
</Wizard>"
`;
